<w:document xmlns:wpc="http://schemas.microsoft.com/office/word/2010/wordprocessingCanvas" xmlns:cx="http://schemas.microsoft.com/office/drawing/2014/chartex" xmlns:cx1="http://schemas.microsoft.com/office/drawing/2015/9/8/chartex" xmlns:cx2="http://schemas.microsoft.com/office/drawing/2015/10/21/chartex" xmlns:cx3="http://schemas.microsoft.com/office/drawing/2016/5/9/chartex" xmlns:cx4="http://schemas.microsoft.com/office/drawing/2016/5/10/chartex" xmlns:cx5="http://schemas.microsoft.com/office/drawing/2016/5/11/chartex" xmlns:cx6="http://schemas.microsoft.com/office/drawing/2016/5/12/chartex" xmlns:cx7="http://schemas.microsoft.com/office/drawing/2016/5/13/chartex" xmlns:cx8="http://schemas.microsoft.com/office/drawing/2016/5/14/chartex" xmlns:mc="http://schemas.openxmlformats.org/markup-compatibility/2006" xmlns:aink="http://schemas.microsoft.com/office/drawing/2016/ink" xmlns:am3d="http://schemas.microsoft.com/office/drawing/2017/model3d" xmlns:o="urn:schemas-microsoft-com:office:office" xmlns:r="http://schemas.openxmlformats.org/officeDocument/2006/relationships" xmlns:m="http://schemas.openxmlformats.org/officeDocument/2006/math" xmlns:v="urn:schemas-microsoft-com:vml" xmlns:wp14="http://schemas.microsoft.com/office/word/2010/wordprocessingDrawing" xmlns:wp="http://schemas.openxmlformats.org/drawingml/2006/wordprocessingDrawing" xmlns:w10="urn:schemas-microsoft-com:office:word" xmlns:w="http://schemas.openxmlformats.org/wordprocessingml/2006/main" xmlns:w14="http://schemas.microsoft.com/office/word/2010/wordml" xmlns:w15="http://schemas.microsoft.com/office/word/2012/wordml" xmlns:w16cid="http://schemas.microsoft.com/office/word/2016/wordml/cid" xmlns:w16se="http://schemas.microsoft.com/office/word/2015/wordml/symex" xmlns:wpg="http://schemas.microsoft.com/office/word/2010/wordprocessingGroup" xmlns:wpi="http://schemas.microsoft.com/office/word/2010/wordprocessingInk" xmlns:wne="http://schemas.microsoft.com/office/word/2006/wordml" xmlns:wps="http://schemas.microsoft.com/office/word/2010/wordprocessingShape" mc:Ignorable="w14 w15 w16se w16cid wp14">
  <w:body>
    <w:sdt>
      <w:sdtPr>
        <w:rPr>
          <w:lang w:val="en-US" />
        </w:rPr>
        <w:id w:val="-528958242" />
        <w:placeholder>
          <w:docPart w:val="DefaultPlaceholder_-1854013440" />
        </w:placeholder>
        <w:text />
      </w:sdtPr>
      <w:sdtContent>
        <w:p w:rsidR="004D11A5" w:rsidRDefault="00C90A2F">
          <w:pPr>
            <w:rPr>
              <w:lang w:val="en-US" />
            </w:rPr>
          </w:pPr>
          <w:r>
            <w:rPr>
              <w:lang w:val="en-US" />
            </w:rPr>
            <w:t>No tag</w:t>
          </w:r>
        </w:p>
      </w:sdtContent>
    </w:sdt>
    <w:sdt>
      <w:sdtPr>
        <w:rPr>
          <w:lang w:val="en-US" />
        </w:rPr>
        <w:alias w:val="name" />
        <w:id w:val="-1238784560" />
        <w:placeholder>
          <w:docPart w:val="DefaultPlaceholder_-1854013440" />
        </w:placeholder>
      </w:sdtPr>
      <w:sdtContent>
        <w:p w:rsidR="00C90A2F" w:rsidRDefault="00C90A2F">
          <w:pPr>
            <w:rPr>
              <w:lang w:val="en-US" />
            </w:rPr>
          </w:pPr>
          <w:r>
            <w:rPr>
              <w:lang w:val="en-US" />
            </w:rPr>
            <w:t>Has n</w:t>
          </w:r>
          <w:bookmarkStart w:name="_GoBack" w:id="0" />
          <w:bookmarkEnd w:id="0" />
          <w:r>
            <w:rPr>
              <w:lang w:val="en-US" />
            </w:rPr>
            <w:t>ame has no tag</w:t>
          </w:r>
        </w:p>
      </w:sdtContent>
    </w:sdt>
    <w:sdt>
      <w:sdtPr>
        <w:rPr>
          <w:lang w:val="en-US" />
        </w:rPr>
        <w:alias w:val="no.data" />
        <w:tag w:val="no.data" />
        <w:id w:val="-1936579561" />
        <w:placeholder>
          <w:docPart w:val="DefaultPlaceholder_-1854013440" />
        </w:placeholder>
      </w:sdtPr>
      <w:sdtContent>
        <w:p w:rsidR="00C90A2F" w:rsidRDefault="00C90A2F">
          <w:pPr>
            <w:rPr>
              <w:lang w:val="en-US" />
            </w:rPr>
          </w:pPr>
          <w:r>
            <w:rPr>
              <w:lang w:val="en-US" />
            </w:rPr>
            <w:t>No data</w:t>
          </w:r>
        </w:p>
      </w:sdtContent>
    </w:sdt>
    <w:sdt>
      <w:sdtPr>
        <w:rPr>
          <w:lang w:val="en-US" />
        </w:rPr>
        <w:alias w:val="ns" />
        <w:tag w:val="ns" />
        <w:id w:val="-1857112926" />
        <w:placeholder>
          <w:docPart w:val="DefaultPlaceholder_-1854013438" />
        </w:placeholder>
        <w:comboBox>
          <w:listItem w:value="Выберите элемент." />
        </w:comboBox>
      </w:sdtPr>
      <w:sdtContent>
        <w:p w:rsidRPr="00C90A2F" w:rsidR="00C90A2F" w:rsidRDefault="00C90A2F">
          <w:pPr>
            <w:rPr>
              <w:lang w:val="en-US" />
            </w:rPr>
          </w:pPr>
          <w:r>
            <w:rPr>
              <w:lang w:val="en-US" />
            </w:rPr>
            <w:t>Not supported placeholder</w:t>
          </w:r>
        </w:p>
      </w:sdtContent>
    </w:sdt>
    <w:sectPr w:rsidRPr="00C90A2F" w:rsidR="00C90A2F">
      <w:pgSz w:w="11906" w:h="16838" />
      <w:pgMar w:top="1134" w:right="850" w:bottom="1134" w:left="1701" w:header="708" w:footer="708" w:gutter="0" />
      <w:cols w:space="708" />
      <w:docGrid w:linePitch="360" />
    </w:sectPr>
  </w:body>
</w:document>