<w:document xmlns:wpc="http://schemas.microsoft.com/office/word/2010/wordprocessingCanvas" xmlns:cx="http://schemas.microsoft.com/office/drawing/2014/chartex" xmlns:cx1="http://schemas.microsoft.com/office/drawing/2015/9/8/chartex" xmlns:cx2="http://schemas.microsoft.com/office/drawing/2015/10/21/chartex" xmlns:cx3="http://schemas.microsoft.com/office/drawing/2016/5/9/chartex" xmlns:cx4="http://schemas.microsoft.com/office/drawing/2016/5/10/chartex" xmlns:cx5="http://schemas.microsoft.com/office/drawing/2016/5/11/chartex" xmlns:cx6="http://schemas.microsoft.com/office/drawing/2016/5/12/chartex" xmlns:cx7="http://schemas.microsoft.com/office/drawing/2016/5/13/chartex" xmlns:cx8="http://schemas.microsoft.com/office/drawing/2016/5/14/chartex" xmlns:mc="http://schemas.openxmlformats.org/markup-compatibility/2006" xmlns:aink="http://schemas.microsoft.com/office/drawing/2016/ink" xmlns:am3d="http://schemas.microsoft.com/office/drawing/2017/model3d" xmlns:o="urn:schemas-microsoft-com:office:office" xmlns:r="http://schemas.openxmlformats.org/officeDocument/2006/relationships" xmlns:m="http://schemas.openxmlformats.org/officeDocument/2006/math" xmlns:v="urn:schemas-microsoft-com:vml" xmlns:wp14="http://schemas.microsoft.com/office/word/2010/wordprocessingDrawing" xmlns:wp="http://schemas.openxmlformats.org/drawingml/2006/wordprocessingDrawing" xmlns:w10="urn:schemas-microsoft-com:office:word" xmlns:w="http://schemas.openxmlformats.org/wordprocessingml/2006/main" xmlns:w14="http://schemas.microsoft.com/office/word/2010/wordml" xmlns:w15="http://schemas.microsoft.com/office/word/2012/wordml" xmlns:w16cid="http://schemas.microsoft.com/office/word/2016/wordml/cid" xmlns:w16se="http://schemas.microsoft.com/office/word/2015/wordml/symex" xmlns:wpg="http://schemas.microsoft.com/office/word/2010/wordprocessingGroup" xmlns:wpi="http://schemas.microsoft.com/office/word/2010/wordprocessingInk" xmlns:wne="http://schemas.microsoft.com/office/word/2006/wordml" xmlns:wps="http://schemas.microsoft.com/office/word/2010/wordprocessingShape" mc:Ignorable="w14 w15 w16se w16cid wp14">
  <w:body>
    <w:p w:rsidRPr="001254C7" w:rsidR="001254C7" w:rsidRDefault="001254C7">
      <w:pPr>
        <w:rPr>
          <w:lang w:val="en-US" />
        </w:rPr>
      </w:pPr>
      <w:r>
        <w:rPr>
          <w:lang w:val="en-US" />
        </w:rPr>
        <w:t>Always shown</w:t>
      </w:r>
    </w:p>
    <w:tbl>
      <w:tblPr>
        <w:tblStyle w:val="a4" />
        <w:tblW w:w="0" w:type="auto" />
        <w:tblLook w:val="04A0" w:firstRow="1" w:lastRow="0" w:firstColumn="1" w:lastColumn="0" w:noHBand="0" w:noVBand="1" />
      </w:tblPr>
      <w:tblGrid>
        <w:gridCol w:w="4672" />
        <w:gridCol w:w="4673" />
      </w:tblGrid>
      <w:tr w:rsidR="001254C7" w:rsidTr="001254C7">
        <w:tc>
          <w:tcPr>
            <w:tcW w:w="4672" w:type="dxa" />
          </w:tcPr>
          <w:p w:rsidR="001254C7" w:rsidRDefault="001254C7">
            <w:pPr>
              <w:rPr>
                <w:lang w:val="en-US" />
              </w:rPr>
            </w:pPr>
            <w:r>
              <w:rPr>
                <w:lang w:val="en-US" />
              </w:rPr>
              <w:t>1</w:t>
            </w:r>
          </w:p>
        </w:tc>
        <w:tc>
          <w:tcPr>
            <w:tcW w:w="4673" w:type="dxa" />
          </w:tcPr>
          <w:p w:rsidR="001254C7" w:rsidRDefault="001254C7">
            <w:pPr>
              <w:rPr>
                <w:lang w:val="en-US" />
              </w:rPr>
            </w:pPr>
            <w:r>
              <w:rPr>
                <w:lang w:val="en-US" />
              </w:rPr>
              <w:t>1</w:t>
            </w:r>
          </w:p>
        </w:tc>
      </w:tr>
      <w:tr w:rsidR="001254C7" w:rsidTr="001254C7">
        <w:tc>
          <w:tcPr>
            <w:tcW w:w="4672" w:type="dxa" />
          </w:tcPr>
          <w:p w:rsidR="001254C7" w:rsidRDefault="001254C7">
            <w:pPr>
              <w:rPr>
                <w:lang w:val="en-US" />
              </w:rPr>
            </w:pPr>
          </w:p>
        </w:tc>
        <w:tc>
          <w:tcPr>
            <w:tcW w:w="4673" w:type="dxa" />
          </w:tcPr>
          <w:p w:rsidR="001254C7" w:rsidRDefault="001254C7">
            <w:pPr>
              <w:rPr>
                <w:lang w:val="en-US" />
              </w:rPr>
            </w:pPr>
          </w:p>
        </w:tc>
      </w:tr>
    </w:tbl>
    <w:p w:rsidR="00F27587" w:rsidRDefault="00F27587">
      <w:pPr>
        <w:rPr>
          <w:lang w:val="en-US" />
        </w:rPr>
      </w:pPr>
    </w:p>
    <w:sdt>
      <w:sdtPr>
        <w:rPr>
          <w:lang w:val="en-US" />
        </w:rPr>
        <w:alias w:val="visible: myCount == 2" />
        <w:tag w:val="visible: myCount == 2" />
        <w:id w:val="729732775" />
        <w:placeholder>
          <w:docPart w:val="DefaultPlaceholder_-1854013440" />
        </w:placeholder>
      </w:sdtPr>
      <w:sdtContent>
        <w:p w:rsidR="001254C7" w:rsidRDefault="001254C7">
          <w:pPr>
            <w:rPr>
              <w:lang w:val="en-US" />
            </w:rPr>
          </w:pPr>
          <w:r>
            <w:rPr>
              <w:lang w:val="en-US" />
            </w:rPr>
            <w:t xml:space="preserve">Shown if </w:t>
          </w:r>
          <w:proofErr w:type="spellStart" />
          <w:r>
            <w:rPr>
              <w:lang w:val="en-US" />
            </w:rPr>
            <w:t>myCount</w:t>
          </w:r>
          <w:proofErr w:type="spellEnd" />
          <w:r>
            <w:rPr>
              <w:lang w:val="en-US" />
            </w:rPr>
            <w:t xml:space="preserve"> == 2</w:t>
          </w:r>
        </w:p>
        <w:tbl>
          <w:tblPr>
            <w:tblStyle w:val="a4" />
            <w:tblW w:w="0" w:type="auto" />
            <w:tblLook w:val="04A0" w:firstRow="1" w:lastRow="0" w:firstColumn="1" w:lastColumn="0" w:noHBand="0" w:noVBand="1" />
          </w:tblPr>
          <w:tblGrid>
            <w:gridCol w:w="3115" />
            <w:gridCol w:w="3115" />
            <w:gridCol w:w="3115" />
          </w:tblGrid>
          <w:tr w:rsidR="001254C7" w:rsidTr="001254C7">
            <w:tc>
              <w:tcPr>
                <w:tcW w:w="3115" w:type="dxa" />
              </w:tcPr>
              <w:p w:rsidR="001254C7" w:rsidRDefault="001254C7">
                <w:pPr>
                  <w:rPr>
                    <w:lang w:val="en-US" />
                  </w:rPr>
                </w:pPr>
                <w:r>
                  <w:rPr>
                    <w:lang w:val="en-US" />
                  </w:rPr>
                  <w:t>2</w:t>
                </w:r>
              </w:p>
            </w:tc>
            <w:tc>
              <w:tcPr>
                <w:tcW w:w="3115" w:type="dxa" />
              </w:tcPr>
              <w:p w:rsidR="001254C7" w:rsidRDefault="001254C7">
                <w:pPr>
                  <w:rPr>
                    <w:lang w:val="en-US" />
                  </w:rPr>
                </w:pPr>
                <w:r>
                  <w:rPr>
                    <w:lang w:val="en-US" />
                  </w:rPr>
                  <w:t>2</w:t>
                </w:r>
              </w:p>
            </w:tc>
            <w:tc>
              <w:tcPr>
                <w:tcW w:w="3115" w:type="dxa" />
              </w:tcPr>
              <w:p w:rsidR="001254C7" w:rsidRDefault="001254C7">
                <w:pPr>
                  <w:rPr>
                    <w:lang w:val="en-US" />
                  </w:rPr>
                </w:pPr>
                <w:r>
                  <w:rPr>
                    <w:lang w:val="en-US" />
                  </w:rPr>
                  <w:t>2</w:t>
                </w:r>
              </w:p>
            </w:tc>
          </w:tr>
          <w:sdt>
            <w:sdtPr>
              <w:rPr>
                <w:lang w:val="en-US" />
              </w:rPr>
              <w:alias w:val="terms" />
              <w:tag w:val="terms" />
              <w:id w:val="-1135249114" />
              <w15:repeatingSection />
            </w:sdtPr>
            <w:sdtContent>
              <w:sdt>
                <w:sdtPr>
                  <w:rPr>
                    <w:lang w:val="en-US" />
                  </w:rPr>
                  <w:placeholder>
                    <w:docPart w:val="DefaultPlaceholder_-1854013435" />
                  </w:placeholder>
                  <w15:repeatingSectionItem />
                </w:sdtPr>
                <w:sdtContent>
                  <w:tr w:rsidR="001254C7" w:rsidTr="001254C7">
                    <w:tc>
                      <w:tcPr>
                        <w:tcW w:w="3115" w:type="dxa" />
                      </w:tcPr>
                      <w:sdt>
                        <w:sdtPr>
                          <w:rPr>
                            <w:lang w:val="en-US" />
                          </w:rPr>
                          <w:alias w:val="num" />
                          <w:tag w:val="num" />
                          <w:placeholder>
                            <w:docPart w:val="DefaultPlaceholder_-1854013440" />
                          </w:placeholder>
                          <w:text />
                        </w:sdtPr>
                        <w:sdtContent>
                          <w:p w:rsidR="001254C7" w:rsidRDefault="00441E40">
                            <w:pPr>
                              <w:rPr>
                                <w:lang w:val="en-US" />
                              </w:rPr>
                            </w:pPr>
                            <w:r>
                              <w:rPr>
                                <w:lang w:val="en-US" />
                              </w:rPr>
                              <w:t>1</w:t>
                            </w:r>
                          </w:p>
                        </w:sdtContent>
                      </w:sdt>
                    </w:tc>
                    <w:tc>
                      <w:tcPr>
                        <w:tcW w:w="3115" w:type="dxa" />
                      </w:tcPr>
                      <w:sdt>
                        <w:sdtPr>
                          <w:rPr>
                            <w:lang w:val="en-US" />
                          </w:rPr>
                          <w:alias w:val="visible: error != null" />
                          <w:tag w:val="visible: error != null" />
                          <w:placeholder>
                            <w:docPart w:val="DefaultPlaceholder_-1854013440" />
                          </w:placeholder>
                        </w:sdtPr>
                        <w:sdtContent>
                          <w:sdt>
                            <w:sdtPr>
                              <w:rPr>
                                <w:lang w:val="en-US" />
                              </w:rPr>
                              <w:alias w:val="error" />
                              <w:tag w:val="error" />
                              <w:placeholder>
                                <w:docPart w:val="DefaultPlaceholder_-1854013440" />
                              </w:placeholder>
                              <w:text />
                            </w:sdtPr>
                            <w:sdtContent>
                              <w:p w:rsidR="001254C7" w:rsidRDefault="00B40A84">
                                <w:pPr>
                                  <w:rPr>
                                    <w:lang w:val="en-US" />
                                  </w:rPr>
                                </w:pPr>
                                <w:r w:rsidRPr="00B40A84">
                                  <w:rPr>
                                    <w:highlight w:val="yellow" />
                                    <w:lang w:val="en-US" />
                                  </w:rPr>
                                  <w:t>some error</w:t>
                                </w:r>
                              </w:p>
                            </w:sdtContent>
                          </w:sdt>
                        </w:sdtContent>
                      </w:sdt>
                    </w:tc>
                    <w:tc>
                      <w:tcPr>
                        <w:tcW w:w="3115" w:type="dxa" />
                      </w:tcPr>
                      <w:p w:rsidR="001254C7" w:rsidRDefault="001254C7">
                        <w:pPr>
                          <w:rPr>
                            <w:lang w:val="en-US" />
                          </w:rPr>
                        </w:pPr>
                      </w:p>
                    </w:tc>
                  </w:tr>
                </w:sdtContent>
              </w:sdt>
              <w:sdt>
                <w:sdtPr>
                  <w:rPr>
                    <w:lang w:val="en-US" />
                  </w:rPr>
                  <w:placeholder>
                    <w:docPart w:val="DefaultPlaceholder_-1854013435" />
                  </w:placeholder>
                  <w15:repeatingSectionItem />
                </w:sdtPr>
                <w:sdtContent>
                  <w:tr w:rsidR="001254C7" w:rsidTr="001254C7">
                    <w:tc>
                      <w:tcPr>
                        <w:tcW w:w="3115" w:type="dxa" />
                      </w:tcPr>
                      <w:sdt>
                        <w:sdtPr>
                          <w:rPr>
                            <w:lang w:val="en-US" />
                          </w:rPr>
                          <w:alias w:val="num" />
                          <w:tag w:val="num" />
                          <w:placeholder>
                            <w:docPart w:val="DefaultPlaceholder_-1854013440" />
                          </w:placeholder>
                          <w:text />
                        </w:sdtPr>
                        <w:sdtContent>
                          <w:p w:rsidR="001254C7" w:rsidRDefault="00441E40">
                            <w:pPr>
                              <w:rPr>
                                <w:lang w:val="en-US" />
                              </w:rPr>
                            </w:pPr>
                            <w:r>
                              <w:rPr>
                                <w:lang w:val="en-US" />
                              </w:rPr>
                              <w:t>2</w:t>
                            </w:r>
                          </w:p>
                        </w:sdtContent>
                      </w:sdt>
                    </w:tc>
                    <w:tc>
                      <w:tcPr>
                        <w:tcW w:w="3115" w:type="dxa" />
                      </w:tcPr>
                      <w:p />
                    </w:tc>
                    <w:tc>
                      <w:tcPr>
                        <w:tcW w:w="3115" w:type="dxa" />
                      </w:tcPr>
                      <w:p w:rsidR="001254C7" w:rsidRDefault="001254C7">
                        <w:pPr>
                          <w:rPr>
                            <w:lang w:val="en-US" />
                          </w:rPr>
                        </w:pPr>
                      </w:p>
                    </w:tc>
                  </w:tr>
                </w:sdtContent>
              </w:sdt>
            </w:sdtContent>
          </w:sdt>
        </w:tbl>
        <w:p w:rsidR="001254C7" w:rsidRDefault="004D4F23">
          <w:pPr>
            <w:rPr>
              <w:lang w:val="en-US" />
            </w:rPr>
          </w:pPr>
        </w:p>
      </w:sdtContent>
    </w:sdt>
    <w:p w:rsidR="005563B3" w:rsidRDefault="005563B3">
      <w:pPr>
        <w:rPr>
          <w:lang w:val="en-US" />
        </w:rPr>
      </w:pPr>
    </w:p>
    <w:sdt>
      <w:sdtPr>
        <w:rPr>
          <w:lang w:val="en-US" />
        </w:rPr>
        <w:alias w:val="visible: visible" />
        <w:tag w:val="visible: visible" />
        <w:id w:val="152492822" />
        <w:placeholder>
          <w:docPart w:val="DefaultPlaceholder_-1854013440" />
        </w:placeholder>
        <w:text />
      </w:sdtPr>
      <w:sdtContent>
        <w:p w:rsidR="005563B3" w:rsidRDefault="005563B3">
          <w:pPr>
            <w:rPr>
              <w:lang w:val="en-US" />
            </w:rPr>
          </w:pPr>
          <w:r>
            <w:rPr>
              <w:lang w:val="en-US" />
            </w:rPr>
            <w:t>Visible</w:t>
          </w:r>
        </w:p>
      </w:sdtContent>
    </w:sdt>
    <w:p w:rsidRPr="00C90A2F" w:rsidR="00AF60B6" w:rsidRDefault="00AF60B6">
      <w:pPr>
        <w:rPr>
          <w:lang w:val="en-US" />
        </w:rPr>
      </w:pPr>
      <w:r>
        <w:rPr>
          <w:lang w:val="en-US" />
        </w:rPr>
        <w:t>End of doc</w:t>
      </w:r>
      <w:bookmarkStart w:name="_GoBack" w:id="0" />
      <w:bookmarkEnd w:id="0" />
    </w:p>
    <w:sectPr w:rsidRPr="00C90A2F" w:rsidR="00AF60B6">
      <w:pgSz w:w="11906" w:h="16838" />
      <w:pgMar w:top="1134" w:right="850" w:bottom="1134" w:left="1701" w:header="708" w:footer="708" w:gutter="0" />
      <w:cols w:space="708" />
      <w:docGrid w:linePitch="360" />
    </w:sectPr>
  </w:body>
</w:document>